{"prompt": "capital_of_france", "position": 0, "done": true}
/home/spark7/q3ft1_rt_stage/tree/tools/t1_reference_common.py:245: RuntimeWarning: overflow encountered in exp
  return 1.0 / (1.0 + np.exp(-x))
{"prompt": "capital_of_france", "position": 1, "done": true}
{"prompt": "capital_of_france", "position": 2, "done": true}
{"prompt": "capital_of_france", "position": 3, "done": true}
{"prompt": "capital_of_france", "position": 4, "done": true}
{"prompt": "capital_of_france", "position": 5, "done": true}
{"prompt": "capital_of_france", "position": 6, "done": true}
{"prompt": "capital_of_france", "position": 7, "done": true}
{"prompt": "capital_of_france", "position": 8, "done": true}
{"prompt": "count_up", "position": 0, "done": true}
{"prompt": "count_up", "position": 1, "done": true}
{"prompt": "count_up", "position": 2, "done": true}
{"prompt": "count_up", "position": 3, "done": true}
{"prompt": "count_up", "position": 4, "done": true}
{"prompt": "count_up", "position": 5, "done": true}
{"prompt": "count_up", "position": 6, "done": true}
{"prompt": "count_up", "position": 7, "done": true}
{"prompt": "count_up", "position": 8, "done": true}
{"prompt": "count_up", "position": 9, "done": true}
{"prompt": "count_up", "position": 10, "done": true}
{"prompt": "count_up", "position": 11, "done": true}
{"family": "qwen4_flash", "fixtures": 2, "output": "/tmp/t1q3f_fixtures_run1/qwen4_flash", "manifest": "/tmp/t1q3f_fixtures_run1/qwen4_flash/MANIFEST.json"}
