{"text": "The capital of France is", "ids": [760, 6511, 314, 9338, 369]}
{"text": "Counting upward: one, two,", "ids": [2427, 286, 38453, 25, 799, 11, 1330, 11]}
{"family": "qwen4_flash", "fixtures": 2, "output": "/tmp/t1q3f_fixtures_run1/qwen4_flash", "manifest": "/tmp/t1q3f_fixtures_run1/qwen4_flash/MANIFEST.json"}
{"family": "qwen4_flash", "fixtures": 2, "output": "/tmp/t1q3f_fixtures_run2/qwen4_flash", "manifest": "/tmp/t1q3f_fixtures_run2/qwen4_flash/MANIFEST.json"}
{
 "run1": {
  "capital_of_france.t1r": "4ab48701441dc4aa4cf6aaca5f4c90ee201e483ba06bdd7a3489ab9ed588aa21",
  "count_up.t1r": "f4ec28d362a1571148dc67a6e4c73bca8d200b78d22c5ec59408453a5352cc03"
 },
 "run2": {
  "capital_of_france.t1r": "4ab48701441dc4aa4cf6aaca5f4c90ee201e483ba06bdd7a3489ab9ed588aa21",
  "count_up.t1r": "f4ec28d362a1571148dc67a6e4c73bca8d200b78d22c5ec59408453a5352cc03"
 },
 "deterministic": true
}
{"array": "pos0000_layer0000_streams", "byte_index_flipped": 9, "target": "/tmp/t1q3f_negative.t1r"}
NEGATIVE CONTROL CONVICTED (expected)
Traceback (most recent call last):
  File "<stdin>", line 3, in <module>
FileNotFoundError: [Errno 2] No such file or directory: '/tmp/t1q3f_stage/tree/qualification/t1_reference/qwen4_flash/MANIFEST.json'
